
   PASS  Tests\Unit\ExampleTest
  Ô£ô that true iÔÇª 1.82s  

   PASS  Tests\Feature\Auth\AuthenticationTest
  Ô£ô login screeÔÇª 3.55s  
  Ô£ô users can aÔÇª 3.39s  
  Ô£ô users withÔÇª  0.14s  
  Ô£ô users can nÔÇª 0.22s  
  Ô£ô users can lÔÇª 0.18s  
  Ô£ô users are rÔÇª 0.41s  

   PASS  Tests\Feature\Auth\EmailVerificationTest
  Ô£ô email verifÔÇª 0.07s  
  Ô£ô email can bÔÇª 0.32s  
  Ô£ô email is noÔÇª 0.27s  
  Ô£ô email is noÔÇª 0.06s  
  Ô£ô verified usÔÇª 0.17s  
  Ô£ô already verÔÇª 0.04s  

   FAIL  Tests\Feature\Auth\PasswordConfirmationTest
  Ô¿» confirm pasÔÇª 0.50s  
  Ô£ô password coÔÇª 0.06s  

   PASS  Tests\Feature\Auth\PasswordResetTest
  Ô£ô reset passwÔÇª 0.07s  
  Ô£ô reset passwÔÇª 0.94s  
  Ô£ô reset passwÔÇª 0.25s  
  Ô£ô password caÔÇª 0.41s  
  Ô£ô password caÔÇª 0.34s  

   PASS  Tests\Feature\Auth\RegistrationTest
  Ô£ô registratioÔÇª 0.05s  
  Ô£ô new users cÔÇª 0.27s  

   FAIL  Tests\Feature\Auth\TwoFactorChallengeTest
  Ô£ô two factorÔÇª  0.13s  
  Ô¿» two factorÔÇª  0.07s  

   PASS  Tests\Feature\Auth\VerificationNotificationTest
  Ô£ô sends verifÔÇª 0.10s  
  Ô£ô does not seÔÇª 0.07s  

   PASS  Tests\Feature\DashboardTest
  Ô£ô guests areÔÇª  0.05s  
  Ô£ô authenticatÔÇª 0.11s  

   PASS  Tests\Feature\ExampleTest
  Ô£ô returns a sÔÇª 0.08s  

   PASS  Tests\Feature\Settings\PasswordUpdateTest
  Ô£ô password upÔÇª 0.06s  
  Ô£ô password caÔÇª 0.08s  
  Ô£ô correct pasÔÇª 0.06s  

   PASS  Tests\Feature\Settings\ProfileUpdateTest
  Ô£ô profile pagÔÇª 0.05s  
  Ô£ô profile infÔÇª 0.04s  
  Ô£ô email verifÔÇª 0.05s  
  Ô£ô user can deÔÇª 0.05s  
  Ô£ô correct pasÔÇª 0.05s  

   FAIL  Tests\Feature\Settings\TwoFactorAuthenticationTest
  Ô¿» two factorÔÇª  0.07s  
  Ô£ô two factorÔÇª  0.04s  
  Ô¿» two factorÔÇª  0.04s  
  Ô£ô two factorÔÇª  0.05s  

   FAIL  Tests\Feature\VideoAnalysisTest
  Ô£ô authenticatÔÇª 0.26s  
  Ô¿» guest cannÔÇª 27.31s  
  ÔöÇÔöÇÔöÇÔöÇÔöÇÔöÇÔöÇÔöÇÔöÇÔöÇÔöÇÔöÇÔöÇÔöÇÔöÇÔöÇÔöÇÔöÇÔöÇÔöÇ  
   FAILED  Tests\FeaÔÇª   
  Unexpected Inertia page component.
Failed asserting that two strings are identical.
--- Expected
+++ Actual
@@ @@
-'auth/confirm-password'
+'Auth/ConfirmPassword'

  at vendor\inertiajs\inertia-laravel\src\Testing\AssertableInertia.php:106
    102Ôûò      * @param  bool|null  $shouldExist
    103Ôûò      */
    104Ôûò     public function component(?string $value = null, $shouldExist = null): self
    105Ôûò     {
  Ô×£ 106Ôûò         PHPUnit::assertSame($value, $this->component, 'Unexpected Inertia page component.');
    107Ôûò 
    108Ôûò         if ($shouldExist || (is_null($shouldExist) && config('inertia.testing.ensure_pages_exist', true))) {
    109Ôûò             try {
    110Ôûò                 app('inertia.testing.view-finder')->find($value);

  1   vendor\inertiajs\inertia-laravel\src\Testing\AssertableInertia.php:106
  2   tests\Feature\Auth\PasswordConfirmationTest.php:14

  ÔöÇÔöÇÔöÇÔöÇÔöÇÔöÇÔöÇÔöÇÔöÇÔöÇÔöÇÔöÇÔöÇÔöÇÔöÇÔöÇÔöÇÔöÇÔöÇÔöÇ  
   FAILED  Tests\FeaÔÇª   
  Unexpected Inertia page component.
Failed asserting that two strings are identical.
--- Expected
+++ Actual
@@ @@
-'auth/two-factor-challenge'
+'Auth/TwoFactorChallenge'

  at vendor\inertiajs\inertia-laravel\src\Testing\AssertableInertia.php:106
    102Ôûò      * @param  bool|null  $shouldExist
    103Ôûò      */
    104Ôûò     public function component(?string $value = null, $shouldExist = null): self
    105Ôûò     {
  Ô×£ 106Ôûò         PHPUnit::assertSame($value, $this->component, 'Unexpected Inertia page component.');
    107Ôûò 
    108Ôûò         if ($shouldExist || (is_null($shouldExist) && config('inertia.testing.ensure_pages_exist', true))) {
    109Ôûò             try {
    110Ôûò                 app('inertia.testing.view-finder')->find($value);

  1   vendor\inertiajs\inertia-laravel\src\Testing\AssertableInertia.php:106
  2   tests\Feature\Auth\TwoFactorChallengeTest.php:43

  ÔöÇÔöÇÔöÇÔöÇÔöÇÔöÇÔöÇÔöÇÔöÇÔöÇÔöÇÔöÇÔöÇÔöÇÔöÇÔöÇÔöÇÔöÇÔöÇÔöÇ  
   FAILED  Tests\FeaÔÇª   
  Unexpected Inertia page component.
Failed asserting that two strings are identical.
--- Expected
+++ Actual
@@ @@
-'settings/two-factor'
+'Settings/TwoFactor'

  at vendor\inertiajs\inertia-laravel\src\Testing\AssertableInertia.php:106
    102Ôûò      * @param  bool|null  $shouldExist
    103Ôûò      */
    104Ôûò     public function component(?string $value = null, $shouldExist = null): self
    105Ôûò     {
  Ô×£ 106Ôûò         PHPUnit::assertSame($value, $this->component, 'Unexpected Inertia page component.');
    107Ôûò 
    108Ôûò         if ($shouldExist || (is_null($shouldExist) && config('inertia.testing.ensure_pages_exist', true))) {
    109Ôûò             try {
    110Ôûò                 app('inertia.testing.view-finder')->find($value);

  1   vendor\inertiajs\inertia-laravel\src\Testing\AssertableInertia.php:106
  2   tests\Feature\Settings\TwoFactorAuthenticationTest.php:23

  ÔöÇÔöÇÔöÇÔöÇÔöÇÔöÇÔöÇÔöÇÔöÇÔöÇÔöÇÔöÇÔöÇÔöÇÔöÇÔöÇÔöÇÔöÇÔöÇÔöÇ  
   FAILED  Tests\FeaÔÇª   
  Unexpected Inertia page component.
Failed asserting that two strings are identical.
--- Expected
+++ Actual
@@ @@
-'settings/two-factor'
+'Settings/TwoFactor'

  at vendor\inertiajs\inertia-laravel\src\Testing\AssertableInertia.php:106
    102Ôûò      * @param  bool|null  $shouldExist
    103Ôûò      */
    104Ôûò     public function component(?string $value = null, $shouldExist = null): self
    105Ôûò     {
  Ô×£ 106Ôûò         PHPUnit::assertSame($value, $this->component, 'Unexpected Inertia page component.');
    107Ôûò 
    108Ôûò         if ($shouldExist || (is_null($shouldExist) && config('inertia.testing.ensure_pages_exist', true))) {
    109Ôûò             try {
    110Ôûò                 app('inertia.testing.view-finder')->find($value);

  1   vendor\inertiajs\inertia-laravel\src\Testing\AssertableInertia.php:106
  2   tests\Feature\Settings\TwoFactorAuthenticationTest.php:62

  ÔöÇÔöÇÔöÇÔöÇÔöÇÔöÇÔöÇÔöÇÔöÇÔöÇÔöÇÔöÇÔöÇÔöÇÔöÇÔöÇÔöÇÔöÇÔöÇÔöÇ  
   FAILED  Tests\FeaÔÇª   
  Failed asserting that two strings are equal.
--- Expected
+++ Actual
@@ @@
-'http://localhost:8000/login'
+'http://localhost:8000/videos/1'

  at tests\Feature\VideoAnalysisTest.php:37
     33Ôûò     $response = $this->post(route('videos.store'), [
     34Ôûò         'url' => 'https://www.youtube.com/watch?v=dQw4w9WgXcQ',
     35Ôûò     ]);
     36Ôûò 
  Ô×£  37Ôûò     $response->assertRedirect(route('login'));
     38Ôûò });
     39Ôûò


  Tests:    5 failed, 38 passed (135 assertions)
  Duration: 44.73s

